<html>
<body>
<pre>
<h1>礦ision Build Log</h1>
<h2>Project:</h2>
D:\Desktop\NodeDevice\Project\TEST.uvproj
Project File Date:  11/21/2014

<h2>Output:</h2>
Build target 'NodeDevice_Project'
compiling appusarttest.c...
linking...
Program Size: Code=21408 RO-data=384 RW-data=316 ZI-data=6588  
FromELF: creating hex file...
After Build - User command #2: axf2bin.BAT
子目录或文件 ..\Release 已经存在。
copy necessary files to release folder
已复制         1 个文件。
已复制         1 个文件。
".\OUTPUT\NodeDevice.axf" - 0 Error(s), 0 Warning(s).
</pre>
</body>
</html>
stm32f10x_dma.c...
compiling stm32f10x_exti.c...
compiling stm32f10x_flash.c...
compiling stm32f10x_fsmc.c...
compiling stm32f10x_gpio.c...
compiling stm32f10x_i2c.c...
compiling stm32f10x_iwdg.c...
compiling stm32f10x_pwr.c...
compiling stm32f10x_rcc.c...
compiling stm32f10x_rtc.c...
compiling stm32f10x_sdio.c...
compiling stm32f10x_spi.c...
compiling stm32f10x_tim.c...
compiling stm32f10x_usart.c...
compiling stm32f10x_wwdg.c...
compiling ostmr.c...
compiling osled.c...
compiling ostmr0.c...
compiling osadc.c...
compiling osdelay.c...
compiling osiwdg.c...
compiling oskey.c...
compiling osrf315tx.c...
compiling ostmr1.c...
compiling osqtmr.c...
compiling osusart1.c...
compiling osusart2.c...
compiling osusart.c...
compiling appsensor.c...
..\App\cfiles\appsensor.c(289): warning:  #550-D: variable "tempData" was set but never used
        u8 tempData[30];
..\App\cfiles\appsensor.c(290): warning:  #550-D: variable "tempLen" was set but never used
        u16 tempLen;
..\App\cfiles\appsensor.c: 2 warnings, 0 errors
compiling appusart.c...
compiling appkey.c...
compiling appusarttest.c...
linking...
Program Size: Code=21408 RO-data=384 RW-data=316 ZI-data=6588  
FromELF: creating hex file...
After Build - User command #2: axf2bin.BAT
子目录或文件 ..\Release 已经存在。
copy necessary files to release folder
已复制         1 个文件。
已复制         1 个文件。
".\OUTPUT\NodeDevice.axf" - 0 Error(s), 2 Warning(s).
Load "D:\\Desktop\\NodeDevice\\Project\\OUTPUT\\NodeDevice.axf" 
Set JLink Project File to "D:\Desktop\NodeDevice\Project\JLinkSettings.ini"
* JLink Info: Device "STM32F103VE" selected (512 KB flash, 64 KB RAM).
 
JLink info:
------------
DLL: V4.80g, compiled Feb 13 2014 20:50:02
Firmware: J-Link ARM V8 compiled Nov 25 2013 19:20:08
Hardware: V8.00
S/N : 20100213 
Feature(s) : RDI,FlashDL,FlashBP,JFlash,GDBFULL 
 
* JLink Info: TotalIRLen = 9, IRPrint = 0x0011
* JLink Info: TotalIRLen = 9, IRPrint = 0x0011
* JLink Info: Found Cortex-M3 r1p1, Little endian.
* JLink Info: FPUnit: 6 code (BP) slots and 2 literal slots
* JLink Info: TPIU fitted.
* JLink Info: ETM fitted.
ROMTableAddr = 0xE00FF003
 
Target info:
------------
Device: STM32F103VE
VTarget = 3.254V
State of Pins: 
TCK: 1, TDI: 0, TDO: 1, TMS: 0, TRES: 1, TRST: 1
Hardware-Breakpoints: 6
Software-Breakpoints: 8192
Watchpoints:          4
JTAG speed: 4800 kHz
 
Erase Done.
Programming Done.
Verify OK.
Application running ...
